Microchip MPLAB XC8 Compiler V3.00

Linker command line:

-W-3 \
  --edf=C:\Program Files\Microchip\xc8\v3.00\pic\dat\20241204225717_en.msgs \
  -cn -h+dist/default/production\Car_Black_Box_Project_.X.production.sym \
  --cmf=dist/default/production\Car_Black_Box_Project_.X.production.cmf -z \
  -Q18F4580 -oC:\Users\lenovo\AppData\Local\Temp\xcAsgg0.\driver_tmp_3.o \
  --defsym=__MPLAB_BUILD=1 --fixupoverflow=error \
  -Mdist/default/production/Car_Black_Box_Project_.X.production.map \
  --md=C:\Users\lenovo\AppData\Local\Temp\xcAsgg0.\driver_tmp_0.dat -E1 \
  -ver=XC8 Compiler -ACODE=00h-03000h -ACONST=00h-03000h \
  -ASMALLCONST=0600h-06FFhx42,03000h-03000h -AMEDIUMCONST=0600h-03000h \
  -ACOMRAM=01h-05Fh -AABS1=00h-05FFh -ABIGRAM=01h-05FFh \
  -ARAM=060h-0FFh,0100h-01FFhx5 -ABANK0=060h-0FFh -ABANK1=0100h-01FFh \
  -ABANK2=0200h-02FFh -ABANK3=0300h-03FFh -ABANK4=0400h-04FFh \
  -ABANK5=0500h-05FFh -ASFR=0D00h-0DFFhx2,0F00h-0F5Fh,0F60h-0FFFh \
  -ABIGSFR=0D00h-0FFFh -ACONFIG=0300000h-030000Dh -AIDLOC=0200000h-0200007h \
  -AEEDATA=0F00000h-0F000FFh -peeprom_data=EEDATA \
  -preset_vec=00h,intcode=8h,intcodelo=18h,sivt_lo,sivt_hi=CODE \
  -ppowerup=CODE,init -pramtop=0600h -psmallconst=SMALLCONST \
  -pmediumconst=MEDIUMCONST -pconst=CONST -AFARRAM=00h-00h \
  -prdata=COMRAM,nvrram=COMRAM,nvbit=COMRAM,rbss=COMRAM,rbit=COMRAM \
  -pfarbss=FARRAM,fardata=FARRAM,nvFARRAM=FARRAM \
  -pintsave_regs=BIGRAM,bigbss=BIGRAM,bigdata=BIGRAM -pbss=RAM \
  -pidata=CODE,irdata=CODE,ibigdata=CODE,ifardata=CODE -prparam=COMRAM \
  C:\Users\lenovo\AppData\Local\Temp\xcAsgg0.\driver_tmp_9.o \
  dist/default/production\Car_Black_Box_Project_.X.production.o 

Object code version is 3.11

Machine type is 18F4580



                Name                               Link     Load   Length Selector   Space Scale
C:\Users\lenovo\AppData\Local\Temp\xcAsgg0.\driver_tmp_9.o
                idloc                            200000   200000        8        0       5
                config                           300000   300000        E        0       4
                init                               2FFC     2FFC        4     17FE       0
                reset_vec                             0        0        4        0       0
dist/default/production\Car_Black_Box_Project_.X.production.o
                idloc                            200000   200000        8        0       5
                config                           300000   300000        E        0       4
                mediumconst                        2F5E     2F5E       9E     17AF       0
                text43                             150C     150C       3A      A86       0
                text42                             182E     182E       6C      C17       0
                text41                             1604     1604       50      B02       0
                text40                             1404     1404       18      A02       0
                text39                             21EE     21EE      1AC     10F7       0
                text38                             138C     138C        6      9C6       0
                text37                             13CA     13CA       12      9E5       0
                text36                             1392     1392        8      9C9       0
                text35                             13B2     13B2        C      9D9       0
                text34                             139A     139A        8      9CD       0
                text33                             13A2     13A2        8      9D1       0
                text32                             13AA     13AA        8      9D5       0
                text31                             13BE     13BE        C      9DF       0
                text30                             14B8     14B8       2A      A5C       0
                text29                             1F6C     1F6C      122      FB6       0
                text28                             141C     141C       18      A0E       0
                text27                             170C     170C       5E      B86       0
                text26                             1CA2     1CA2       D0      E51       0
                text25                             1492     1492       26      A49       0
                text24                             1A8C     1A8C       A6      D46       0
                text23                             14E2     14E2       2A      A71       0
                text22                             1434     1434       1E      A1A       0
                text21                             1546     1546       3E      AA3       0
                text20                             13EE     13EE       16      9F7       0
                text19                             13DC     13DC       12      9EE       0
                text18                             1452     1452       20      A29       0
                text17                             1472     1472       20      A39       0
                text16                             1982     1982       7C      CC1       0
                text15                             189A     189A       74      C4D       0
                text14                             190E     190E       74      C87       0
                text13                             17CA     17CA       64      BE5       0
                text12                             2A9C     2A9C      4C2     154E       0
                text11                             270C     270C      390     1386       0
                text10                             1E66     1E66      106      F33       0
                text9                              239A     239A      1B4     11CD       0
                text8                              1BE0     1BE0       C2      DF0       0
                text7                              1B32     1B32       AE      D99       0
                text6                              1584     1584       40      AC2       0
                text5                              1D72     1D72       F4      EB9       0
                text4                              16B0     16B0       5C      B58       0
                text3                              15C4     15C4       40      AE2       0
                text2                              254E     254E      1BE     12A7       0
                text1                              208E     208E      160     1047       0
                text0                              19FE     19FE       8E      CFF       0
                cstackCOMRAM                          1        1       3A        1       1
                bssBANK1                            100      100       96      100       1
                dataBANK0                            60       60       5B       60       1
                bssBANK0                             BB       BB        9       60       1
                dataCOMRAM                           58       58        1        1       1
                bssCOMRAM                            3B       3B       1D        1       1
                cinit                              176A     176A       60      BB5       0
                idataBANK0                         1655     1655       5B     1655       0
                idataCOMRAM                        3000     3000        1     17FE       0

TOTAL           Name                               Link     Load   Length     Space
        CLASS   CODE           
                init                               2FFC     2FFC        4         0
                reset_vec                             0        0        4         0
                text43                             150C     150C       3A         0
                text42                             182E     182E       6C         0
                text41                             1604     1604       50         0
                text40                             1404     1404       18         0
                text39                             21EE     21EE      1AC         0
                text38                             138C     138C        6         0
                text37                             13CA     13CA       12         0
                text36                             1392     1392        8         0
                text35                             13B2     13B2        C         0
                text34                             139A     139A        8         0
                text33                             13A2     13A2        8         0
                text32                             13AA     13AA        8         0
                text31                             13BE     13BE        C         0
                text30                             14B8     14B8       2A         0
                text29                             1F6C     1F6C      122         0
                text28                             141C     141C       18         0
                text27                             170C     170C       5E         0
                text26                             1CA2     1CA2       D0         0
                text25                             1492     1492       26         0
                text24                             1A8C     1A8C       A6         0
                text23                             14E2     14E2       2A         0
                text22                             1434     1434       1E         0
                text21                             1546     1546       3E         0
                text20                             13EE     13EE       16         0
                text19                             13DC     13DC       12         0
                text18                             1452     1452       20         0
                text17                             1472     1472       20         0
                text16                             1982     1982       7C         0
                text15                             189A     189A       74         0
                text14                             190E     190E       74         0
                text13                             17CA     17CA       64         0
                text12                             2A9C     2A9C      4C2         0
                text11                             270C     270C      390         0
                text10                             1E66     1E66      106         0
                text9                              239A     239A      1B4         0
                text8                              1BE0     1BE0       C2         0
                text7                              1B32     1B32       AE         0
                text6                              1584     1584       40         0
                text5                              1D72     1D72       F4         0
                text4                              16B0     16B0       5C         0
                text3                              15C4     15C4       40         0
                text2                              254E     254E      1BE         0
                text1                              208E     208E      160         0
                text0                              19FE     19FE       8E         0
                cinit                              176A     176A       60         0
                idataBANK0                         1655     1655       5B         0
                idataCOMRAM                        3000     3000        1         0

        CLASS   CONST          

        CLASS   SMALLCONST     

        CLASS   MEDIUMCONST    
                mediumconst                        2F5E     2F5E       9E         0

        CLASS   COMRAM         
                cstackCOMRAM                          1        1       3A         1
                dataCOMRAM                           58       58        1         1
                bssCOMRAM                            3B       3B       1D         1

        CLASS   ABS1           

        CLASS   BIGRAM         

        CLASS   RAM            

        CLASS   BANK0          
                dataBANK0                            60       60       5B         1
                bssBANK0                             BB       BB        9         1

        CLASS   BANK1          
                bssBANK1                            100      100       96         1

        CLASS   BANK2          

        CLASS   BANK3          

        CLASS   BANK4          

        CLASS   BANK5          

        CLASS   SFR            

        CLASS   BIGSFR         

        CLASS   CONFIG         
                config                           300000   300000        E         4

        CLASS   IDLOC          
                idloc                            200000   200000        8         5

        CLASS   EEDATA         

        CLASS   FARRAM         

        CLASS   HEAP           

        CLASS   STACK          



SEGMENTS        Name                           Load    Length   Top    Selector   Space  Class

                reset_vec                      000000  000004  000004         0       0  CODE    
                cstackCOMRAM                   000001  000058  000059         1       1  COMRAM  
                dataBANK0                      000060  000064  0000C4        60       1  BANK0   
                bssBANK1                       000100  000096  000196       100       1  BANK1   
                text38                         00138C  000006  001392       9C6       0  CODE    
                text36                         001392  000008  00139A       9C9       0  CODE    
                text34                         00139A  000008  0013A2       9CD       0  CODE    
                text33                         0013A2  000008  0013AA       9D1       0  CODE    
                text32                         0013AA  000008  0013B2       9D5       0  CODE    
                text35                         0013B2  00000C  0013BE       9D9       0  CODE    
                text31                         0013BE  00000C  0013CA       9DF       0  CODE    
                text37                         0013CA  000012  0013DC       9E5       0  CODE    
                text19                         0013DC  000012  0013EE       9EE       0  CODE    
                text20                         0013EE  000016  001404       9F7       0  CODE    
                text40                         001404  000018  00141C       A02       0  CODE    
                text28                         00141C  000018  001434       A0E       0  CODE    
                text22                         001434  00001E  001452       A1A       0  CODE    
                text18                         001452  000020  001472       A29       0  CODE    
                text17                         001472  000020  001492       A39       0  CODE    
                text25                         001492  000026  0014B8       A49       0  CODE    
                text30                         0014B8  00002A  0014E2       A5C       0  CODE    
                text23                         0014E2  00002A  00150C       A71       0  CODE    
                text43                         00150C  00003A  001546       A86       0  CODE    
                text21                         001546  00003E  001584       AA3       0  CODE    
                text6                          001584  000040  0015C4       AC2       0  CODE    
                text3                          0015C4  000040  001604       AE2       0  CODE    
                text41                         001604  000050  001654       B02       0  CODE    
                idataBANK0                     001655  00005B  0016B0      1655       0  CODE    
                text4                          0016B0  00005C  00170C       B58       0  CODE    
                text27                         00170C  00005E  00176A       B86       0  CODE    
                cinit                          00176A  000060  0017CA       BB5       0  CODE    
                text13                         0017CA  000064  00182E       BE5       0  CODE    
                text42                         00182E  00006C  00189A       C17       0  CODE    
                text15                         00189A  000074  00190E       C4D       0  CODE    
                text14                         00190E  000074  001982       C87       0  CODE    
                text16                         001982  00007C  0019FE       CC1       0  CODE    
                text0                          0019FE  00008E  001A8C       CFF       0  CODE    
                text24                         001A8C  0000A6  001B32       D46       0  CODE    
                text7                          001B32  0000AE  001BE0       D99       0  CODE    
                text8                          001BE0  0000C2  001CA2       DF0       0  CODE    
                text26                         001CA2  0000D0  001D72       E51       0  CODE    
                text5                          001D72  0000F4  001E66       EB9       0  CODE    
                text10                         001E66  000106  001F6C       F33       0  CODE    
                text29                         001F6C  000122  00208E       FB6       0  CODE    
                text1                          00208E  000160  0021EE      1047       0  CODE    
                text39                         0021EE  0001AC  00239A      10F7       0  CODE    
                text9                          00239A  0001B4  00254E      11CD       0  CODE    
                text2                          00254E  0001BE  00270C      12A7       0  CODE    
                text11                         00270C  000390  002A9C      1386       0  CODE    
                text12                         002A9C  0004C2  002F5E      154E       0  CODE    
                mediumconst                    002F5E  00009E  002FFC      17AF       0  MEDIUMCO
                init                           002FFC  000005  003001      17FE       0  CODE    


UNUSED ADDRESS RANGES

        Name                Unused          Largest block    Delta
        BANK0            0000C4-0000FF               3C
        BANK1            000196-0001FF               6A
        BANK2            000200-0002FF              100
        BANK3            000300-0003FF              100
        BANK4            000400-0004FF              100
        BANK5            000500-0005FF              100
        BIGRAM           000059-00005F                7
                         0000C4-0000FF               3C
                         000196-0005FF              46A
        BIGSFR           000D00-000FFF              300
        CODE             000004-00138B             1388
                         001654-001654                1
        COMRAM           000059-00005F                7
        CONST            000004-00138B             1388
                         001654-001654                1
        EEDATA           F00000-F000FF              100
        MEDIUMCONST      000600-00138B              D8C
                         001654-001654                1
        RAM              0000C4-0000FF               3C
                         000196-0005FF              100
        SFR              000D00-000FFF              100
        SMALLCONST       000600-00138B              100
                         001654-001654                1

                                  Symbol Table

?___awdiv                      cstackCOMRAM 000001
?___awmod                      cstackCOMRAM 000001
?___fldiv                      cstackCOMRAM 000015
?___fltol                      cstackCOMRAM 00002E
?___lwdiv                      cstackCOMRAM 000001
?___lwmod                      cstackCOMRAM 000001
?___xxtofl                     cstackCOMRAM 000007
?_read_adc                     cstackCOMRAM 000001
_ACKDT                         (abs)        007E2D
_ACKEN                         (abs)        007E2C
_ACKSTAT                       (abs)        007E2E
_ACQT0                         (abs)        007E03
_ACQT1                         (abs)        007E04
_ACQT2                         (abs)        007E05
_ADCON1                        (abs)        000FC1
_ADCS0                         (abs)        007E00
_ADCS1                         (abs)        007E01
_ADCS2                         (abs)        007E02
_ADFM                          (abs)        007E07
_ADON                          (abs)        007E10
_ADRESH                        (abs)        000FC4
_ADRESL                        (abs)        000FC3
_BCLIF                         (abs)        007D0B
_BRG16                         (abs)        007DC3
_BRGH                          (abs)        007D62
_CHS0                          (abs)        007E12
_CHS1                          (abs)        007E13
_CHS2                          (abs)        007E14
_CHS3                          (abs)        007E15
_CKE                           (abs)        007E3E
_CREN                          (abs)        007D5C
_GO                            (abs)        007E11
_PCFG0                         (abs)        007E08
_PCFG1                         (abs)        007E09
_PCFG2                         (abs)        007E0A
_PCFG3                         (abs)        007E0B
_PEN                           (abs)        007E2A
_PORTB                         (abs)        000F81
_PORTBbits                     (abs)        000F81
_PORTD                         (abs)        000F83
_RBPU                          (abs)        007F8F
_RC0                           (abs)        007C10
_RC1                           (abs)        007C11
_RC2                           (abs)        007C12
_RCEN                          (abs)        007E2B
_RCIF                          (abs)        007CF5
_RCREG                         (abs)        000FAE
_RD7                           (abs)        007C1F
_RSEN                          (abs)        007E29
_RX9                           (abs)        007D5E
_SEN                           (abs)        007E28
_SENDB                         (abs)        007D63
_SMP                           (abs)        007E3F
_SPBRG                         (abs)        000FAF
_SPEN                          (abs)        007D5F
_SSPADD                        (abs)        000FC8
_SSPBUF                        (abs)        000FC9
_SSPCON1                       (abs)        000FC6
_SSPIF                         (abs)        007CF3
_SYNC                          (abs)        007D64
_TRISB                         (abs)        000F93
_TRISC                         (abs)        000F94
_TRISC3                        (abs)        007CA3
_TRISC4                        (abs)        007CA4
_TRISC6                        (abs)        007CA6
_TRISC7                        (abs)        007CA7
_TRISD                         (abs)        000F95
_TRISD7                        (abs)        007CAF
_TX9                           (abs)        007D66
_TXEN                          (abs)        007D65
_TXIF                          (abs)        007CF4
_TXREG                         (abs)        000FAD
_VCFG0                         (abs)        007E0C
_VCFG1                         (abs)        007E0D
__HRAM                         (abs)        000000
__H__absolute__                __absolute__ 000000
__Habs1                        abs1         000000
__Hbank0                       bank0        000000
__Hbank1                       bank1        000000
__Hbank2                       bank2        000000
__Hbank3                       bank3        000000
__Hbank4                       bank4        000000
__Hbank5                       bank5        000000
__Hbigbss                      bigbss       000000
__Hbigdata                     bigdata      000000
__Hbigram                      bigram       000000
__Hbigsfr                      bigsfr       000000
__Hbss                         bss          000000
__HbssBANK0                    bssBANK0     000000
__HbssBANK1                    bssBANK1     000000
__HbssCOMRAM                   bssCOMRAM    000000
__Hcinit                       cinit        000000
__Hclrtext                     clrtext      000000
__Hcomram                      comram       000000
__Hconfig                      config       30000E
__Hconst                       const        000000
__HcstackCOMRAM                cstackCOMRAM 000000
__Hdata                        data         000000
__HdataBANK0                   dataBANK0    000000
__HdataCOMRAM                  dataCOMRAM   000000
__Heeprom_data                 eeprom_data  000000
__Hfarbss                      farbss       000000
__Hfardata                     fardata      000000
__Hheap                        heap         000000
__Hibigdata                    ibigdata     000000
__Hidata                       idata        000000
__HidataBANK0                  idataBANK0   000000
__HidataCOMRAM                 idataCOMRAM  000000
__Hidloc                       idloc        200008
__Hifardata                    ifardata     000000
__Hinit                        init         003000
__Hintcode                     intcode      000008
__Hintcode_body                intcode_body 000000
__Hintcodelo                   intcodelo    000018
__Hintentry                    intentry     000000
__Hintret                      intret       000000
__Hintsave_regs                intsave_regs 000000
__Hirdata                      irdata       000000
__Hmediumconst                 mediumconst  002FFC
__HnvFARRAM                    nvFARRAM     000000
__Hnvbit                       nvbit        000000
__Hnvrram                      nvrram       000000
__Hparam                       rparam       000000
__Hpowerup                     powerup      000000
__Hram                         ram          000000
__Hramtop                      ramtop       000600
__Hrbit                        rbit         000000
__Hrbss                        rbss         000000
__Hrdata                       rdata        000000
__Hreset_vec                   reset_vec    000004
__Hrparam                      rparam       000000
__Hsfr                         sfr          000000
__Hsivt_hi                     sivt_hi      000000
__Hsivt_lo                     sivt_lo      000018
__Hsmallconst                  smallconst   000000
__Hspace_0                     (abs)        003001
__Hspace_1                     (abs)        000196
__Hspace_2                     (abs)        000000
__Hspace_4                     (abs)        60000E
__Hstack                       stack        000000
__Hstruct                      struct       000000
__Htemp                        temp         000000
__Htext                        text         000000
__Htext0                       text0        000000
__Htext1                       text1        000000
__Htext10                      text10       000000
__Htext11                      text11       000000
__Htext12                      text12       000000
__Htext13                      text13       000000
__Htext14                      text14       000000
__Htext15                      text15       000000
__Htext16                      text16       000000
__Htext17                      text17       000000
__Htext18                      text18       000000
__Htext19                      text19       000000
__Htext2                       text2        000000
__Htext20                      text20       000000
__Htext21                      text21       000000
__Htext22                      text22       000000
__Htext23                      text23       000000
__Htext24                      text24       000000
__Htext25                      text25       000000
__Htext26                      text26       000000
__Htext27                      text27       000000
__Htext28                      text28       000000
__Htext29                      text29       000000
__Htext3                       text3        000000
__Htext30                      text30       000000
__Htext31                      text31       000000
__Htext32                      text32       000000
__Htext33                      text33       000000
__Htext34                      text34       000000
__Htext35                      text35       000000
__Htext36                      text36       000000
__Htext37                      text37       000000
__Htext38                      text38       000000
__Htext39                      text39       000000
__Htext4                       text4        000000
__Htext40                      text40       000000
__Htext41                      text41       000000
__Htext42                      text42       000000
__Htext43                      text43       000000
__Htext5                       text5        000000
__Htext6                       text6        000000
__Htext7                       text7        000000
__Htext8                       text8        000000
__Htext9                       text9        000000
__LRAM                         (abs)        000001
__L__absolute__                __absolute__ 000000
__Labs1                        abs1         000000
__Lbank0                       bank0        000000
__Lbank1                       bank1        000000
__Lbank2                       bank2        000000
__Lbank3                       bank3        000000
__Lbank4                       bank4        000000
__Lbank5                       bank5        000000
__Lbigbss                      bigbss       000000
__Lbigdata                     bigdata      000000
__Lbigram                      bigram       000000
__Lbigsfr                      bigsfr       000000
__Lbss                         bss          000000
__LbssBANK0                    bssBANK0     000000
__LbssBANK1                    bssBANK1     000000
__LbssCOMRAM                   bssCOMRAM    000000
__Lcinit                       cinit        000000
__Lclrtext                     clrtext      000000
__Lcomram                      comram       000000
__Lconfig                      config       000000
__Lconst                       const        000000
__LcstackCOMRAM                cstackCOMRAM 000000
__Ldata                        data         000000
__LdataBANK0                   dataBANK0    000000
__LdataCOMRAM                  dataCOMRAM   000000
__Leeprom_data                 eeprom_data  000000
__Lfarbss                      farbss       000000
__Lfardata                     fardata      000000
__Lheap                        heap         000000
__Libigdata                    ibigdata     000000
__Lidata                       idata        000000
__LidataBANK0                  idataBANK0   000000
__LidataCOMRAM                 idataCOMRAM  000000
__Lidloc                       idloc        000000
__Lifardata                    ifardata     000000
__Linit                        init         002FFC
__Lintcode                     intcode      000008
__Lintcode_body                intcode_body 000000
__Lintcodelo                   intcodelo    000018
__Lintentry                    intentry     000000
__Lintret                      intret       000000
__Lintsave_regs                intsave_regs 000000
__Lirdata                      irdata       000000
__Lmediumconst                 mediumconst  002F5E
__LnvFARRAM                    nvFARRAM     000000
__Lnvbit                       nvbit        000000
__Lnvrram                      nvrram       000000
__Lparam                       rparam       000000
__Lpowerup                     powerup      000000
__Lram                         ram          000000
__Lramtop                      ramtop       000600
__Lrbit                        rbit         000000
__Lrbss                        rbss         000000
__Lrdata                       rdata        000000
__Lreset_vec                   reset_vec    000000
__Lrparam                      rparam       000000
__Lsfr                         sfr          000000
__Lsivt_hi                     sivt_hi      000000
__Lsivt_lo                     sivt_lo      000018
__Lsmallconst                  smallconst   000000
__Lspace_0                     (abs)        000000
__Lspace_1                     (abs)        000000
__Lspace_2                     (abs)        000000
__Lspace_4                     (abs)        000000
__Lstack                       stack        000000
__Lstruct                      struct       000000
__Ltemp                        temp         000000
__Ltext                        text         000000
__Ltext0                       text0        000000
__Ltext1                       text1        000000
__Ltext10                      text10       000000
__Ltext11                      text11       000000
__Ltext12                      text12       000000
__Ltext13                      text13       000000
__Ltext14                      text14       000000
__Ltext15                      text15       000000
__Ltext16                      text16       000000
__Ltext17                      text17       000000
__Ltext18                      text18       000000
__Ltext19                      text19       000000
__Ltext2                       text2        000000
__Ltext20                      text20       000000
__Ltext21                      text21       000000
__Ltext22                      text22       000000
__Ltext23                      text23       000000
__Ltext24                      text24       000000
__Ltext25                      text25       000000
__Ltext26                      text26       000000
__Ltext27                      text27       000000
__Ltext28                      text28       000000
__Ltext29                      text29       000000
__Ltext3                       text3        000000
__Ltext30                      text30       000000
__Ltext31                      text31       000000
__Ltext32                      text32       000000
__Ltext33                      text33       000000
__Ltext34                      text34       000000
__Ltext35                      text35       000000
__Ltext36                      text36       000000
__Ltext37                      text37       000000
__Ltext38                      text38       000000
__Ltext39                      text39       000000
__Ltext4                       text4        000000
__Ltext40                      text40       000000
__Ltext41                      text41       000000
__Ltext42                      text42       000000
__Ltext43                      text43       000000
__Ltext5                       text5        000000
__Ltext6                       text6        000000
__Ltext7                       text7        000000
__Ltext8                       text8        000000
__Ltext9                       text9        000000
__S0                           (abs)        003001
__S1                           (abs)        000196
__S4                           (abs)        000000
__S5                           (abs)        000000
___awdiv                       text8        001BE0
___awdiv@counter               cstackCOMRAM 000005
___awdiv@dividend              cstackCOMRAM 000001
___awdiv@divisor               cstackCOMRAM 000003
___awdiv@quotient              cstackCOMRAM 000007
___awdiv@sign                  cstackCOMRAM 000006
___awmod                       text7        001B32
___awmod@counter               cstackCOMRAM 000005
___awmod@dividend              cstackCOMRAM 000001
___awmod@divisor               cstackCOMRAM 000003
___awmod@sign                  cstackCOMRAM 000006
___fldiv                       text11       00270C
___fldiv@a                     cstackCOMRAM 000019
___fldiv@aexp                  cstackCOMRAM 00002D
___fldiv@b                     cstackCOMRAM 000015
___fldiv@bexp                  cstackCOMRAM 00002C
___fldiv@grs                   cstackCOMRAM 000028
___fldiv@new_exp               cstackCOMRAM 000026
___fldiv@rem                   cstackCOMRAM 000021
___fldiv@sign                  cstackCOMRAM 000025
___fltol                       text10       001E66
___fltol@exp1                  cstackCOMRAM 000037
___fltol@f1                    cstackCOMRAM 00002E
___fltol@sign1                 cstackCOMRAM 000036
___heap_hi                     (abs)        000000
___heap_lo                     (abs)        000000
___inthi_sp                    stack        000000
___inthi_stack_hi              stack        000000
___inthi_stack_lo              stack        000000
___intlo_sp                    stack        000000
___intlo_stack_hi              stack        000000
___intlo_stack_lo              stack        000000
___lwdiv                       text14       00190E
___lwdiv@counter               cstackCOMRAM 000007
___lwdiv@dividend              cstackCOMRAM 000001
___lwdiv@divisor               cstackCOMRAM 000003
___lwdiv@quotient              cstackCOMRAM 000005
___lwmod                       text13       0017CA
___lwmod@counter               cstackCOMRAM 000005
___lwmod@dividend              cstackCOMRAM 000001
___lwmod@divisor               cstackCOMRAM 000003
___param_bank                  (abs)        000000
___rparam_used                 (abs)        000001
___sp                          stack        000000
___stack_hi                    stack        000000
___stack_lo                    stack        000000
___xxtofl                      text9        00239A
___xxtofl@arg                  cstackCOMRAM 000011
___xxtofl@exp                  cstackCOMRAM 000010
___xxtofl@sign                 cstackCOMRAM 00000F
___xxtofl@val                  cstackCOMRAM 000007
__accesstop                    (abs)        000060
__activetblptr                 (abs)        000002
__end_of___awdiv               text8        001CA2
__end_of___awmod               text7        001BE0
__end_of___fldiv               text11       002A9C
__end_of___fltol               text10       001F6C
__end_of___lwdiv               text14       001982
__end_of___lwmod               text13       00182E
__end_of___xxtofl              text9        00254E
__end_of__initialization       cinit        0017C0
__end_of_clcd_print            text42       00189A
__end_of_clcd_putch            text40       00141C
__end_of_clcd_write            text43       001546
__end_of_clear_log             text41       001654
__end_of_display_main_menu     text39       00239A
__end_of_download_log          text26       001D72
__end_of_event_reader          text29       00208E
__end_of_event_store           text5        001E66
__end_of_get_time              text4        00170C
__end_of_i2c_idle              text37       0013DC
__end_of_i2c_no_ack            text38       001392
__end_of_i2c_read              text35       0013BE
__end_of_i2c_rep_start         text34       0013A2
__end_of_i2c_rx_mode           text36       00139A
__end_of_i2c_start             text33       0013AA
__end_of_i2c_stop              text32       0013B2
__end_of_i2c_write             text31       0013CA
__end_of_init_adc              text25       0014B8
__end_of_init_clcd             text24       001B32
__end_of_init_config           text17       001492
__end_of_init_ds1307           text21       001584
__end_of_init_i2c              text20       001404
__end_of_init_matrix_keypad    text19       0013EE
__end_of_init_uart             text18       001472
__end_of_main                  text0        001A8C
__end_of_putch                 text28       001434
__end_of_puts                  text27       00176A
__end_of_read_adc              text3        001604
__end_of_read_ds1307           text23       00150C
__end_of_read_external_eeprom  text30       0014E2
__end_of_read_switches         text15       00190E
__end_of_scan_key              text16       0019FE
__end_of_set_time              text12       002F5E
__end_of_view_dashboard        text2        00270C
__end_of_view_log              text1        0021EE
__end_of_write_ds1307          text22       001452
__end_of_write_external_eeprom text6        0015C4
__initialization               cinit        00176A
__mediumconst                  mediumconst  002F5E
__pbssBANK0                    bssBANK0     0000BB
__pbssBANK1                    bssBANK1     000100
__pbssCOMRAM                   bssCOMRAM    00003B
__pcinit                       cinit        00176A
__pcstackCOMRAM                cstackCOMRAM 000001
__pdataBANK0                   dataBANK0    000060
__pdataCOMRAM                  dataCOMRAM   000058
__pidataBANK0                  idataBANK0   001655
__pidataCOMRAM                 idataCOMRAM  003000
__pmediumconst                 mediumconst  002F5E
__ptext0                       text0        0019FE
__ptext1                       text1        00208E
__ptext10                      text10       001E66
__ptext11                      text11       00270C
__ptext12                      text12       002A9C
__ptext13                      text13       0017CA
__ptext14                      text14       00190E
__ptext15                      text15       00189A
__ptext16                      text16       001982
__ptext17                      text17       001472
__ptext18                      text18       001452
__ptext19                      text19       0013DC
__ptext2                       text2        00254E
__ptext20                      text20       0013EE
__ptext21                      text21       001546
__ptext22                      text22       001434
__ptext23                      text23       0014E2
__ptext24                      text24       001A8C
__ptext25                      text25       001492
__ptext26                      text26       001CA2
__ptext27                      text27       00170C
__ptext28                      text28       00141C
__ptext29                      text29       001F6C
__ptext3                       text3        0015C4
__ptext30                      text30       0014B8
__ptext31                      text31       0013BE
__ptext32                      text32       0013AA
__ptext33                      text33       0013A2
__ptext34                      text34       00139A
__ptext35                      text35       0013B2
__ptext36                      text36       001392
__ptext37                      text37       0013CA
__ptext38                      text38       00138C
__ptext39                      text39       0021EE
__ptext4                       text4        0016B0
__ptext40                      text40       001404
__ptext41                      text41       001604
__ptext42                      text42       00182E
__ptext43                      text43       00150C
__ptext5                       text5        001D72
__ptext6                       text6        001584
__ptext7                       text7        001B32
__ptext8                       text8        001BE0
__ptext9                       text9        00239A
__ramtop                       ramtop       000600
__smallconst                   mediumconst  002F5E
_addr                          bssCOMRAM    00004D
_clcd_print                    text42       00182E
_clcd_putch                    text40       001404
_clcd_write                    text43       00150C
_clear_log                     text41       001604
_clock_reg                     bssCOMRAM    00003B
_display_main_menu             text39       0021EE
_download_log                  text26       001CA2
_event                         dataBANK0    0000A0
_event_count                   bssCOMRAM    000053
_event_reader                  text29       001F6C
_event_store                   text5        001D72
_flag                          bssCOMRAM    00004F
_gear                          bssCOMRAM    000054
_get_time                      text4        0016B0
_i                             bssCOMRAM    000050
_i2c_idle                      text37       0013CA
_i2c_no_ack                    text38       00138C
_i2c_read                      text35       0013B2
_i2c_rep_start                 text34       00139A
_i2c_rx_mode                   text36       001392
_i2c_start                     text33       0013A2
_i2c_stop                      text32       0013AA
_i2c_write                     text31       0013BE
_init_adc                      text25       001492
_init_clcd                     text24       001A8C
_init_config                   text17       001472
_init_ds1307                   text21       001546
_init_i2c                      text20       0013EE
_init_matrix_keypad            text19       0013DC
_init_uart                     text18       001452
_j                             bssCOMRAM    00004B
_k                             bssCOMRAM    00004A
_key                           bssCOMRAM    000055
_l                             bssCOMRAM    00004C
_main                          text0        0019FE
_main_menu                     dataBANK0    000060
_menu                          bssCOMRAM    00004E
_putch                         text28       00141C
_puts                          text27       00170C
_read_adc                      text3        0015C4
_read_ds1307                   text23       0014E2
_read_external_eeprom          text30       0014B8
_read_switches                 text15       00189A
_scan_key                      text16       001982
_set_time                      text12       002A9C
_speed                         bssCOMRAM    000056
_state                         bssCOMRAM    000057
_time                          bssBANK0     0000BB
_view_dashboard                text2        00254E
_view_event                    bssBANK1     000100
_view_log                      text1        00208E
_write_ds1307                  text22       001434
_write_external_eeprom         text6        001584
clcd_print@addr                cstackCOMRAM 000005
clcd_print@data                cstackCOMRAM 000003
clcd_putch@addr                cstackCOMRAM 000009
clcd_putch@data                cstackCOMRAM 00000A
clcd_write@byte                cstackCOMRAM 000002
clcd_write@control_bit         cstackCOMRAM 000001
download_log@iter              cstackCOMRAM 000008
end_of_initialization          cinit        0017C0
event_store@addr               bssCOMRAM    000052
event_store@i                  cstackCOMRAM 00000F
event_store@i_144              cstackCOMRAM 00000D
i2c_write@data                 cstackCOMRAM 000001
init_ds1307@dummy              cstackCOMRAM 00000A
intlevel0                      text         000000
intlevel1                      text         000000
intlevel2                      text         000000
intlevel3                      text         000000
isa$std                        (abs)        000001
isa$xinst                      (abs)        000000
putch@byte                     cstackCOMRAM 000001
puts@s                         cstackCOMRAM 000002
read_ds1307@address            cstackCOMRAM 000002
read_ds1307@data               cstackCOMRAM 000003
read_external_eeprom@address   cstackCOMRAM 000002
read_external_eeprom@data      cstackCOMRAM 000003
read_switches@detection_type   cstackCOMRAM 000001
read_switches@key              bssCOMRAM    000051
read_switches@once             dataCOMRAM   000058
set_time@field                 bssCOMRAM    000048
set_time@hr                    bssCOMRAM    000042
set_time@min                   bssCOMRAM    000040
set_time@sec                   bssCOMRAM    00003E
set_time@set_delay             bssCOMRAM    000046
set_time@set_flag              bssCOMRAM    000044
stackhi                        (abs)        000000
stacklo                        (abs)        000000
start                          init         002FFC
start_initialization           cinit        00176A
write_ds1307@address           cstackCOMRAM 000009
write_ds1307@data              cstackCOMRAM 000008
write_external_eeprom@address  cstackCOMRAM 00000C
write_external_eeprom@data     cstackCOMRAM 000009
write_external_eeprom@i        cstackCOMRAM 00000A


MODULE INFORMATION

Module		Function		Class		Link	Load	Size
UART.c
		_putch         		CODE           	141C	0000	24
		_init_uart     		CODE           	1452	0000	32
		_puts          		CODE           	170C	0000	94

UART.c estimated size: 150

I2C.c
		_i2c_start     		CODE           	13A2	0000	8
		_i2c_no_ack    		CODE           	138C	0000	6
		_i2c_rep_start 		CODE           	139A	0000	8
		_i2c_idle      		CODE           	13CA	0000	18
		_i2c_write     		CODE           	13BE	0000	12
		_i2c_stop      		CODE           	13AA	0000	8
		_i2c_read      		CODE           	13B2	0000	12
		_init_i2c      		CODE           	13EE	0000	22
		_i2c_rx_mode   		CODE           	1392	0000	8

I2C.c estimated size: 102

CLCD.c
		_clcd_write    		CODE           	150C	0000	58
		_clcd_print    		CODE           	182E	0000	108
		_clcd_putch    		CODE           	1404	0000	24
		_init_clcd     		CODE           	1A8C	0000	166

CLCD.c estimated size: 356

main_menu.c
		_display_main_menu		CODE           	21EE	0000	428

main_menu.c estimated size: 428

C:\Program Files\Microchip\xc8\v3.00\pic\sources\c99\common\lwmod.c
		___lwmod       		CODE           	17CA	0000	100

C:\Program Files\Microchip\xc8\v3.00\pic\sources\c99\common\lwmod.c estimated size: 100

C:\Program Files\Microchip\xc8\v3.00\pic\sources\c99\common\awmod.c
		___awmod       		CODE           	1B32	0000	174

C:\Program Files\Microchip\xc8\v3.00\pic\sources\c99\common\awmod.c estimated size: 174

EEPROM.c
		_write_external_eeprom		CODE           	1584	0000	64
		_read_external_eeprom		CODE           	14B8	0000	42

EEPROM.c estimated size: 106

C:\Program Files\Microchip\xc8\v3.00\pic\sources\c99\common\sprcdiv.c
		___fldiv       		CODE           	270C	0000	912

C:\Program Files\Microchip\xc8\v3.00\pic\sources\c99\common\sprcdiv.c estimated size: 912

shared
		__initialization		CODE           	176A	0000	86

shared estimated size: 86

DS1307.c
		_read_ds1307   		CODE           	14E2	0000	42
		_write_ds1307  		CODE           	1434	0000	30
		_init_ds1307   		CODE           	1546	0000	62

DS1307.c estimated size: 134

C:\Program Files\Microchip\xc8\v3.00\pic\sources\c99\common\xxtofl.c
		___xxtofl      		CODE           	239A	0000	436

C:\Program Files\Microchip\xc8\v3.00\pic\sources\c99\common\xxtofl.c estimated size: 436

matrix_key.c
		_init_matrix_keypad		CODE           	13DC	0000	18
		_read_switches 		CODE           	189A	0000	116
		_scan_key      		CODE           	1982	0000	124

matrix_key.c estimated size: 258

ADC.c
		_init_adc      		CODE           	1492	0000	38
		_read_adc      		CODE           	15C4	0000	64

ADC.c estimated size: 102

C:\Program Files\Microchip\xc8\v3.00\pic\sources\c99\common\lwdiv.c
		___lwdiv       		CODE           	190E	0000	116

C:\Program Files\Microchip\xc8\v3.00\pic\sources\c99\common\lwdiv.c estimated size: 116

C:\Program Files\Microchip\xc8\v3.00\pic\sources\c99\common\awdiv.c
		___awdiv       		CODE           	1BE0	0000	194

C:\Program Files\Microchip\xc8\v3.00\pic\sources\c99\common\awdiv.c estimated size: 194

C:\Program Files\Microchip\xc8\v3.00\pic\sources\c99\common\fltol.c
		___fltol       		CODE           	1E66	0000	262

C:\Program Files\Microchip\xc8\v3.00\pic\sources\c99\common\fltol.c estimated size: 262

main.c
		_event_store   		CODE           	1D72	0000	244
		_main          		CODE           	19FE	0000	142
		_get_time      		CODE           	16B0	0000	92
		_init_config   		CODE           	1472	0000	32
		_view_dashboard		CODE           	254E	0000	446

main.c estimated size: 956

view_log.c
		_view_log      		CODE           	208E	0000	352
		_event_reader  		CODE           	1F6C	0000	290
		_download_log  		CODE           	1CA2	0000	208
		_set_time      		CODE           	2A9C	0000	1218
		_clear_log     		CODE           	1604	0000	80

view_log.c estimated size: 2148

